// Jest Snapshot v1, https://goo.gl/fbAQLP

exports[`test existing output 1`] = `
"[33mwarn[39m:    Output directory is not empty.

  Running Ace would override the following files or directories:

  - report/report.json
  - report/report.html
  - report/js

  Use option --force to override.

"
`;

exports[`test help 1`] = `
"
  Ace by DAISY, an Accessibility Checker for EPUB

  Usage: ace [options] <input>

  Options:

    -h, --help             output usage information
    -v, --version          output the version number

    -o, --outdir  <path>   save final reports to the specified directory
    -t, --tempdir <path>   specify a custom directory to store the temporary reports
    -f, --force            override any existing output file or directory
        --subdir           output reports to a sub-directory named after the input EPUB

    -V, --verbose          display verbose output
    -s, --silent           do not display any output
    -R, --rules            to get information about all the internal used rules

  Examples
    $ ace -o out ~/Documents/book.epub
"
`;

exports[`test no input 1`] = `"[31merror[39m:   Input required"`;

exports[`test no input 2`] = `
"
  Ace by DAISY, an Accessibility Checker for EPUB

  Usage: ace [options] <input>

  Options:

    -h, --help             output usage information
    -v, --version          output the version number

    -o, --outdir  <path>   save final reports to the specified directory
    -t, --tempdir <path>   specify a custom directory to store the temporary reports
    -f, --force            override any existing output file or directory
        --subdir           output reports to a sub-directory named after the input EPUB

    -V, --verbose          display verbose output
    -s, --silent           do not display any output
    -R, --rules            to get information about all the internal used rules

  Examples
    $ ace -o out ~/Documents/book.epub
"
`;

exports[`test unexisting input 1`] = `
"[32minfo[39m:    Closing logs.
Re-run Ace using the --verbose option to enable full debug logging."
`;

exports[`test unexisting input 2`] = `
"[31merror[39m:   Couldnâ€™t find EPUB file 'unexisting.epub'
"
`;
